data/aggregated/monthly/breakfast/31254742735_4259_transactions.csv
"UNITS","PRICE","BASE_PRICE","FEATURE","DISPLAY","TPR_ONLY","MONTH","YEAR","DATE"
11,4.99,4.99,0,0,0,1,2009,"1-1-2009"
13,4.745,4.745,0,0,0,2,2009,"1-2-2009"
15,4.7025,4.7025,0,0,0,3,2009,"1-3-2009"
7,4.99,4.99,0,0,0,4,2009,"1-4-2009"
8,3.99,4.99,0,0,4,5,2009,"1-5-2009"
9,4.99,4.99,0,0,0,6,2009,"1-6-2009"
3,4.99,4.99,0,1,0,7,2009,"1-7-2009"
3,4.99,4.99,0,0,0,8,2009,"1-8-2009"
10,4.4075,4.9075,0,0,2,9,2009,"1-9-2009"
13,4.99,4.99,0,0,0,10,2009,"1-10-2009"
22,4,4.99,2,3,0,11,2009,"1-11-2009"
16,4.99,4.99,0,2,0,12,2009,"1-12-2009"
13,4.74,4.99,1,2,0,1,2010,"1-1-2010"
17,4.24,4.99,0,0,3,2,2010,"1-2-2010"
15,4.99,4.99,0,0,0,3,2010,"1-3-2010"
12,4.99,4.99,0,0,0,4,2010,"1-4-2010"
18,4.71,4.99,1,0,0,5,2010,"1-5-2010"
18,4.29,4.99,0,1,3,6,2010,"1-6-2010"
11,4.99,4.99,0,0,0,7,2010,"1-7-2010"
19,4.24,4.99,0,0,3,8,2010,"1-8-2010"
23,4.79,4.99,0,0,1,9,2010,"1-9-2010"
8,4.99,4.99,0,0,0,10,2010,"1-10-2010"
11,4.99,4.99,0,0,0,11,2010,"1-11-2010"
8,4.99,4.99,0,0,0,12,2010,"1-12-2010"
2,4.99,4.99,0,0,0,1,2011,"1-1-2011"
11,4.93,4.93,0,0,0,2,2011,"1-2-2011"
10,4.87,4.87,0,0,0,3,2011,"1-3-2011"
19,3.99,4.87,0,1,3,4,2011,"1-4-2011"
8,4.83,4.83,0,0,0,5,2011,"1-5-2011"
19,4.158,4.83,0,0,4,6,2011,"1-6-2011"
11,4.83,4.83,0,0,0,7,2011,"1-7-2011"
17,4.47,4.985,2,0,0,8,2011,"1-8-2011"
14,4.74,4.99,0,0,1,9,2011,"1-9-2011"
18,4.99,4.99,0,0,0,10,2011,"1-10-2011"
21,4.15,4.99,1,4,0,11,2011,"1-11-2011"
11,4.98,4.98,0,0,0,12,2011,"1-12-2011"
3,4.97,4.97,0,0,0,1,2012,"1-1-2012"
